// Jest Snapshot v1, https://goo.gl/fbAQLP

exports[`pruebas <Primera App/> validar render de <PrimeraApp/> 1`] = `
<div>
  <h1>
    Hola Clase
  </h1>
  <p>
    Bienvenidos
  </p>
</div>
`;
